{
  "expense_id": "EXP-20251001-B86D07B6",
  "status": "approved",
  "approval_level": "manager",
  "final_amount": 45.5,
  "processing_notes": [
    "Expense report EXP-20251001-B86D07B6 created at 2025-10-01T10:00:00.000000",
    "Approved on 2025-10-01 10:05",
    "Reimbursement by 2025-10-06"
  ],
  "reimbursement_eta": "2025-10-06"
}