{
  "document_id": "DOC-2025-004",
  "routing_id": "RTG-A2BFDBEC",
  "assigned_department": "it",
  "routing_confidence": "high",
  "priority_score": 100,
  "routing_reasons": [
    "Document received at 2025-01-02T10:00:00Z",
    "Analyzed 376 characters of content",
    "Top departments: it:1.00, hr:0.00, finance:0.00",
    "Matched keywords: hardware, system, database",
    "Document type 'incident_report' matches department",
    "Priority score: 100 (2-4 hours)"
  ],
  "secondary_departments": [],
  "processing_timestamp": "2025-01-02T10:00:00Z",
  "estimated_processing_time": "2-4 hours"
}
